layer at (0,0) size 800x1148
  RenderView at (0,0) size 800x600
layer at (0,0) size 800x1148
  RenderBlock {HTML} at (0,0) size 800x1148
    RenderBody {BODY} at (8,8) size 784x1127 [bgcolor=#EEEEEE]
      RenderBlock (anonymous) at (0,0) size 784x21
        RenderInline {SPAN} at (0,0) size 187x15
          RenderText {#text} at (0,0) size 0x0
          RenderInline {SPAN} at (0,0) size 187x15
            RenderText {#text} at (0,0) size 0x0
            RenderTable {TABLE} at (0,0) size 187x21
              RenderTableSection {TBODY} at (0,0) size 187x21
                RenderTableRow {TR} at (0,0) size 187x21
                  RenderTableCell {TD} at (0,0) size 116x21 [r=0 c=0 rs=1 cs=1]
                    RenderText {#text} at (1,1) size 114x19
                      text run at (1,1) width 114: "Record Locator:"
                  RenderTableCell {TD} at (116,0) size 71x21 [r=0 c=1 rs=1 cs=1]
                    RenderInline {B} at (0,0) size 69x19
                      RenderText {#text} at (1,1) size 69x19
                        text run at (1,1) width 69: "WHGNSO"
                    RenderText {#text} at (0,0) size 0x0
            RenderText {#text} at (0,0) size 0x0
          RenderText {#text} at (0,0) size 0x0
      RenderBlock (anonymous) at (0,27) size 784x2
        RenderBlock {HR} at (0,0) size 784x2 [border: (1px inset #000000)]
      RenderBlock (anonymous) at (0,35) size 784x45
        RenderInline {SPAN} at (0,0) size 105x41
          RenderInline {SPAN} at (0,0) size 105x41
            RenderText {#text} at (0,0) size 0x0
            RenderInline {SPAN} at (0,0) size 105x19
              RenderText {#text} at (0,0) size 0x0
              RenderImage {IMG} at (0,1) size 50x20
              RenderText {#text} at (50,0) size 55x19
                text run at (50,0) width 4: " "
                text run at (53,0) width 52: "Names"
              RenderBR {BR} at (104,15) size 1x0
            RenderText {#text} at (0,0) size 0x0
            RenderInline {SPAN} at (0,0) size 96x15
              RenderText {#text} at (0,0) size 0x0
              RenderText {#text} at (0,0) size 0x0
            RenderText {#text} at (0,0) size 0x0
          RenderText {#text} at (0,0) size 0x0
      RenderBlock (anonymous) at (0,86) size 784x2
        RenderBlock {HR} at (0,0) size 784x2 [border: (1px inset #000000)]
      RenderBlock (anonymous) at (0,94) size 784x70
        RenderInline {SPAN} at (0,0) size 561x66
          RenderInline {SPAN} at (0,0) size 561x66
            RenderText {#text} at (0,0) size 0x0
            RenderImage {IMG} at (0,2) size 61x20
            RenderText {#text} at (61,3) size 4x15
              text run at (61,3) width 4: " "
            RenderInline {SPAN} at (0,0) size 76x19
              RenderText {#text} at (64,0) size 76x19
                text run at (64,0) width 76: "Addresses"
              RenderBR {BR} at (139,15) size 1x0
            RenderText {#text} at (0,0) size 0x0
            RenderText {#text} at (0,0) size 0x0
          RenderText {#text} at (0,0) size 0x0
      RenderBlock (anonymous) at (0,170) size 784x2
        RenderBlock {HR} at (0,0) size 784x2 [border: (1px inset #000000)]
      RenderBlock (anonymous) at (0,178) size 784x41
        RenderInline {SPAN} at (0,0) size 115x41
          RenderInline {SPAN} at (0,0) size 115x41
            RenderText {#text} at (0,0) size 0x0
            RenderInline {SPAN} at (0,0) size 115x19
              RenderText {#text} at (0,0) size 0x0
              RenderImage {IMG} at (0,1) size 53x20
              RenderText {#text} at (53,0) size 62x19
                text run at (53,0) width 4: " "
                text run at (56,0) width 59: "Phones "
              RenderBR {BR} at (114,15) size 1x0
            RenderText {#text} at (0,0) size 0x0
      RenderBlock (anonymous) at (0,219) size 784x62
      RenderBlock (anonymous) at (0,281) size 784x0
        RenderInline {SPAN} at (0,0) size 0x0
          RenderInline {SPAN} at (0,0) size 0x0
            RenderText {#text} at (0,0) size 0x0
          RenderText {#text} at (0,0) size 0x0
      RenderBlock (anonymous) at (0,287) size 784x2
        RenderBlock {HR} at (0,0) size 784x2 [border: (1px inset #000000)]
      RenderBlock (anonymous) at (0,295) size 784x21
        RenderInline {SPAN} at (0,0) size 123x15
          RenderInline {SPAN} at (0,0) size 123x15
            RenderText {#text} at (0,0) size 0x0
            RenderInline {SPAN} at (0,0) size 123x19
              RenderText {#text} at (0,0) size 0x0
              RenderImage {IMG} at (0,1) size 59x20
              RenderText {#text} at (59,0) size 64x19
                text run at (59,0) width 4: " "
                text run at (62,0) width 61: "Itinerary"
            RenderText {#text} at (0,0) size 0x0
            RenderInline {SPAN} at (0,0) size 0x0
              RenderText {#text} at (0,0) size 0x0
              RenderInline {SPAN} at (0,0) size 0x0
                RenderText {#text} at (0,0) size 0x0
      RenderBlock (anonymous) at (0,316) size 784x63
        RenderTable {TABLE} at (0,0) size 557x63
          RenderTableSection {TBODY} at (0,0) size 557x63
            RenderTableRow {TR} at (0,2) size 557x59
              RenderTableCell {TD} at (2,30) size 2x2 [r=0 c=0 rs=1 cs=1]
              RenderTableCell {TD} at (6,2) size 2x2 [r=0 c=1 rs=1 cs=1]
              RenderTableCell {TD} at (10,20) size 146x22 [r=0 c=2 rs=1 cs=1]
                RenderImage {IMG} at (1,1) size 144x20
                RenderText {#text} at (0,0) size 0x0
              RenderTableCell {TD} at (158,2) size 397x59 [r=0 c=3 rs=1 cs=1]
                RenderText {#text} at (1,1) size 145x19
                  text run at (1,1) width 145: "TUR - Tour Package"
                RenderBR {BR} at (145,16) size 1x0
                RenderText {#text} at (1,20) size 226x19
                  text run at (1,20) width 226: "Date: Sunday, January 12, 2003"
                RenderBR {BR} at (226,35) size 1x0
                RenderText {#text} at (1,39) size 395x19
                  text run at (1,39) width 395: "Comments: -** TICKETLESS CONF CODE IS WHGNSO**"
      RenderBlock (anonymous) at (0,379) size 784x0
        RenderInline {SPAN} at (0,0) size 0x0
          RenderInline {SPAN} at (0,0) size 0x0
            RenderInline {SPAN} at (0,0) size 0x0
              RenderInline {SPAN} at (0,0) size 0x0
              RenderText {#text} at (0,0) size 0x0
      RenderBlock (anonymous) at (0,385) size 784x2
        RenderBlock {HR} at (0,0) size 784x2 [border: (1px inset #000000)]
      RenderBlock (anonymous) at (0,393) size 784x0
        RenderInline {SPAN} at (0,0) size 0x0
          RenderInline {SPAN} at (0,0) size 0x0
            RenderInline {SPAN} at (0,0) size 0x0
              RenderInline {SPAN} at (0,0) size 0x0
                RenderText {#text} at (0,0) size 0x0
      RenderBlock (anonymous) at (0,393) size 784x206
        RenderTable {TABLE} at (0,0) size 703x206
          RenderTableSection {TBODY} at (0,0) size 703x206
            RenderTableRow {TR} at (0,2) size 703x202
              RenderTableCell {TD} at (2,102) size 2x2 [r=0 c=0 rs=1 cs=1]
              RenderTableCell {TD} at (6,2) size 2x2 [r=0 c=1 rs=1 cs=1]
              RenderTableCell {TD} at (10,92) size 89x22 [r=0 c=2 rs=1 cs=1]
                RenderImage {IMG} at (1,1) size 87x20
                RenderText {#text} at (0,0) size 0x0
              RenderTableCell {TD} at (101,2) size 600x202 [r=0 c=3 rs=1 cs=1]
                RenderBlock (anonymous) at (1,1) size 598x133
                  RenderText {#text} at (0,0) size 24x19
                    text run at (0,0) width 24: "Air "
                  RenderBR {BR} at (0,0) size 0x0
                  RenderText {#text} at (0,19) size 482x19
                    text run at (0,19) width 51: "United "
                    text run at (50,19) width 85: "Flight 1187 "
                    text run at (134,19) width 122: "Booking Code:M "
                    text run at (255,19) width 227: "Date: Sunday, January 12, 2003"
                  RenderBR {BR} at (481,34) size 1x0
                  RenderText {#text} at (0,38) size 387x19
                    text run at (0,38) width 387: "From: San Francisco Intl Arpt, San Francisco CA - U.S."
                  RenderBR {BR} at (386,53) size 1x0
                  RenderText {#text} at (0,57) size 399x19
                    text run at (0,57) width 27: "To: "
                    text run at (26,57) width 373: "Burbank Glendale Pasadena Arpt, Burbank CA - U.S."
                  RenderBR {BR} at (398,72) size 1x0
                  RenderText {#text} at (0,76) size 245x19
                    text run at (0,76) width 128: "Departs: 6:05 PM "
                    text run at (127,76) width 118: "Arrives: 7:10 PM"
                  RenderBR {BR} at (244,91) size 1x0
                  RenderText {#text} at (0,95) size 51x19
                    text run at (0,95) width 51: "Status:"
                  RenderInline {SPACE} at (0,0) size 131x38
                    RenderText {#text} at (50,95) size 77x19
                      text run at (50,95) width 77: " confirmed"
                    RenderInline {SPACE} at (0,0) size 131x38
                      RenderText {#text} at (126,95) size 5x19
                        text run at (126,95) width 5: " "
                      RenderBR {BR} at (0,0) size 0x0
                      RenderText {#text} at (0,114) size 45x19
                        text run at (0,114) width 45: "Seats:"
                      RenderBR {BR} at (44,129) size 1x0
                RenderBlock (anonymous) at (1,134) size 598x48
                  RenderTable {TABLE} at (0,0) size 598x48 [border: (1px outset #808080)]
                    RenderTableSection {TBODY} at (1,1) size 596x46
                      RenderTableRow {TR} at (0,0) size 596x23 [bgcolor=#E0E0E0]
                        RenderTableCell {TD} at (0,0) size 90x23 [border: (1px inset #808080)] [r=0 c=0 rs=1 cs=1]
                          RenderText {#text} at (2,2) size 43x19
                            text run at (2,2) width 43: "Name"
                        RenderTableCell {TD} at (90,0) size 37x23 [border: (1px inset #808080)] [r=0 c=1 rs=1 cs=1]
                          RenderText {#text} at (2,2) size 33x19
                            text run at (2,2) width 33: "Seat"
                        RenderTableCell {TD} at (127,0) size 81x23 [border: (1px inset #808080)] [r=0 c=2 rs=1 cs=1]
                          RenderText {#text} at (2,2) size 47x19
                            text run at (2,2) width 47: "Status"
                        RenderTableCell {TD} at (208,0) size 314x23 [border: (1px inset #808080)] [r=0 c=3 rs=1 cs=1]
                          RenderText {#text} at (2,2) size 36x19
                            text run at (2,2) width 36: "Type"
                        RenderTableCell {TD} at (522,0) size 74x23 [border: (1px inset #808080)] [r=0 c=4 rs=1 cs=1]
                          RenderText {#text} at (2,2) size 70x19
                            text run at (2,2) width 70: "Comment"
                      RenderTableRow {TR} at (0,23) size 596x23
                        RenderTableCell {TD} at (0,23) size 90x23 [border: (1px inset #808080)] [r=1 c=0 rs=1 cs=1]
                          RenderText {#text} at (2,2) size 86x19
                            text run at (2,2) width 86: "HAO,SCOTT"
                        RenderTableCell {TD} at (90,23) size 37x23 [border: (1px inset #808080)] [r=1 c=1 rs=1 cs=1]
                          RenderText {#text} at (2,2) size 29x19
                            text run at (2,2) width 29: "08A"
                        RenderTableCell {TD} at (127,23) size 81x23 [border: (1px inset #808080)] [r=1 c=2 rs=1 cs=1]
                          RenderText {#text} at (2,2) size 77x19
                            text run at (2,2) width 77: "confirmed "
                        RenderTableCell {TD} at (208,23) size 314x23 [border: (1px inset #808080)] [r=1 c=3 rs=1 cs=1]
                          RenderText {#text} at (2,2) size 310x19
                            text run at (2,2) width 310: "Non-Smoking, Window Seat, Preferred Seat"
                        RenderTableCell {TD} at (522,23) size 74x23 [border: (1px inset #808080)] [r=1 c=4 rs=1 cs=1]
                          RenderText {#text} at (2,2) size 4x19
                            text run at (2,2) width 4: " "
                RenderBlock (anonymous) at (1,182) size 598x19
                  RenderInline {SPACE} at (0,0) size 0x19
                    RenderInline {SPACE} at (0,0) size 0x19
                      RenderBR {BR} at (0,0) size 0x19
      RenderBlock (anonymous) at (0,599) size 784x0
        RenderInline {SPAN} at (0,0) size 0x0
          RenderInline {SPAN} at (0,0) size 0x0
            RenderInline {SPAN} at (0,0) size 0x0
              RenderInline {SPAN} at (0,0) size 0x0
              RenderText {#text} at (0,0) size 0x0
      RenderBlock (anonymous) at (0,605) size 784x2
        RenderBlock {HR} at (0,0) size 784x2 [border: (1px inset #000000)]
      RenderBlock (anonymous) at (0,613) size 784x0
        RenderInline {SPAN} at (0,0) size 0x0
          RenderInline {SPAN} at (0,0) size 0x0
            RenderInline {SPAN} at (0,0) size 0x0
              RenderInline {SPAN} at (0,0) size 0x0
                RenderText {#text} at (0,0) size 0x0
      RenderBlock (anonymous) at (0,613) size 784x206
        RenderTable {TABLE} at (0,0) size 594x206
          RenderTableSection {TBODY} at (0,0) size 594x206
            RenderTableRow {TR} at (0,2) size 594x202
              RenderTableCell {TD} at (2,102) size 2x2 [r=0 c=0 rs=1 cs=1]
              RenderTableCell {TD} at (6,2) size 2x2 [r=0 c=1 rs=1 cs=1]
              RenderTableCell {TD} at (10,92) size 89x22 [r=0 c=2 rs=1 cs=1]
                RenderImage {IMG} at (1,1) size 87x20
                RenderText {#text} at (0,0) size 0x0
              RenderTableCell {TD} at (101,2) size 491x202 [r=0 c=3 rs=1 cs=1]
                RenderBlock (anonymous) at (1,1) size 489x133
                  RenderText {#text} at (0,0) size 24x19
                    text run at (0,0) width 24: "Air "
                  RenderBR {BR} at (0,0) size 0x0
                  RenderText {#text} at (0,19) size 461x19
                    text run at (0,19) width 51: "United "
                    text run at (50,19) width 76: "Flight 480 "
                    text run at (125,19) width 120: "Booking Code:Q "
                    text run at (244,19) width 217: "Date: Friday, January 24, 2003"
                  RenderBR {BR} at (460,34) size 1x0
                  RenderText {#text} at (0,38) size 418x19
                    text run at (0,38) width 418: "From: Burbank Glendale Pasadena Arpt, Burbank CA - U.S."
                  RenderBR {BR} at (417,53) size 1x0
                  RenderText {#text} at (0,57) size 368x19
                    text run at (0,57) width 27: "To: "
                    text run at (26,57) width 342: "San Francisco Intl Arpt, San Francisco CA - U.S."
                  RenderBR {BR} at (367,72) size 1x0
                  RenderText {#text} at (0,76) size 245x19
                    text run at (0,76) width 128: "Departs: 1:40 PM "
                    text run at (127,76) width 118: "Arrives: 2:50 PM"
                  RenderBR {BR} at (244,91) size 1x0
                  RenderText {#text} at (0,95) size 51x19
                    text run at (0,95) width 51: "Status:"
                  RenderInline {SPACE} at (0,0) size 131x38
                    RenderText {#text} at (50,95) size 77x19
                      text run at (50,95) width 77: " confirmed"
                    RenderInline {SPACE} at (0,0) size 131x38
                      RenderText {#text} at (126,95) size 5x19
                        text run at (126,95) width 5: " "
                      RenderBR {BR} at (0,0) size 0x0
                      RenderText {#text} at (0,114) size 45x19
                        text run at (0,114) width 45: "Seats:"
                      RenderBR {BR} at (44,129) size 1x0
                RenderBlock (anonymous) at (1,134) size 489x48
                  RenderTable {TABLE} at (0,0) size 489x48 [border: (1px outset #808080)]
                    RenderTableSection {TBODY} at (1,1) size 487x46
                      RenderTableRow {TR} at (0,0) size 487x23 [bgcolor=#E0E0E0]
                        RenderTableCell {TD} at (0,0) size 90x23 [border: (1px inset #808080)] [r=0 c=0 rs=1 cs=1]
                          RenderText {#text} at (2,2) size 43x19
                            text run at (2,2) width 43: "Name"
                        RenderTableCell {TD} at (90,0) size 37x23 [border: (1px inset #808080)] [r=0 c=1 rs=1 cs=1]
                          RenderText {#text} at (2,2) size 33x19
                            text run at (2,2) width 33: "Seat"
                        RenderTableCell {TD} at (127,0) size 81x23 [border: (1px inset #808080)] [r=0 c=2 rs=1 cs=1]
                          RenderText {#text} at (2,2) size 47x19
                            text run at (2,2) width 47: "Status"
                        RenderTableCell {TD} at (208,0) size 205x23 [border: (1px inset #808080)] [r=0 c=3 rs=1 cs=1]
                          RenderText {#text} at (2,2) size 36x19
                            text run at (2,2) width 36: "Type"
                        RenderTableCell {TD} at (413,0) size 74x23 [border: (1px inset #808080)] [r=0 c=4 rs=1 cs=1]
                          RenderText {#text} at (2,2) size 70x19
                            text run at (2,2) width 70: "Comment"
                      RenderTableRow {TR} at (0,23) size 487x23
                        RenderTableCell {TD} at (0,23) size 90x23 [border: (1px inset #808080)] [r=1 c=0 rs=1 cs=1]
                          RenderText {#text} at (2,2) size 86x19
                            text run at (2,2) width 86: "HAO,SCOTT"
                        RenderTableCell {TD} at (90,23) size 37x23 [border: (1px inset #808080)] [r=1 c=1 rs=1 cs=1]
                          RenderText {#text} at (2,2) size 27x19
                            text run at (2,2) width 27: "13F"
                        RenderTableCell {TD} at (127,23) size 81x23 [border: (1px inset #808080)] [r=1 c=2 rs=1 cs=1]
                          RenderText {#text} at (2,2) size 77x19
                            text run at (2,2) width 77: "confirmed "
                        RenderTableCell {TD} at (208,23) size 205x23 [border: (1px inset #808080)] [r=1 c=3 rs=1 cs=1]
                          RenderText {#text} at (2,2) size 201x19
                            text run at (2,2) width 201: "Non-Smoking, Window Seat"
                        RenderTableCell {TD} at (413,23) size 74x23 [border: (1px inset #808080)] [r=1 c=4 rs=1 cs=1]
                          RenderText {#text} at (2,2) size 4x19
                            text run at (2,2) width 4: " "
                RenderBlock (anonymous) at (1,182) size 489x19
                  RenderInline {SPACE} at (0,0) size 0x19
                    RenderInline {SPACE} at (0,0) size 0x19
                      RenderBR {BR} at (0,0) size 0x19
      RenderBlock (anonymous) at (0,819) size 784x0
        RenderInline {SPAN} at (0,0) size 0x0
          RenderInline {SPAN} at (0,0) size 0x0
            RenderInline {SPAN} at (0,0) size 0x0
              RenderInline {SPAN} at (0,0) size 0x0
              RenderText {#text} at (0,0) size 0x0
      RenderBlock (anonymous) at (0,825) size 784x2
        RenderBlock {HR} at (0,0) size 784x2 [border: (1px inset #000000)]
      RenderBlock (anonymous) at (0,833) size 784x0
        RenderInline {SPAN} at (0,0) size 0x0
          RenderInline {SPAN} at (0,0) size 0x0
            RenderInline {SPAN} at (0,0) size 0x0
              RenderInline {SPAN} at (0,0) size 0x0
                RenderText {#text} at (0,0) size 0x0
      RenderBlock (anonymous) at (0,833) size 784x120
        RenderTable {TABLE} at (0,0) size 602x120
          RenderTableSection {TBODY} at (0,0) size 602x120
            RenderTableRow {TR} at (0,2) size 602x116
              RenderTableCell {TD} at (2,59) size 2x2 [r=0 c=0 rs=1 cs=1]
              RenderTableCell {TD} at (6,2) size 2x2 [r=0 c=1 rs=1 cs=1]
              RenderTableCell {TD} at (10,49) size 89x22 [r=0 c=2 rs=1 cs=1]
                RenderImage {IMG} at (1,1) size 87x20
                RenderText {#text} at (0,0) size 0x0
              RenderTableCell {TD} at (101,2) size 499x116 [r=0 c=3 rs=1 cs=1]
                RenderText {#text} at (1,1) size 24x19
                  text run at (1,1) width 24: "Air "
                RenderBR {BR} at (0,0) size 0x0
                RenderText {#text} at (1,20) size 497x19
                  text run at (1,20) width 84: "UNKNOWN "
                  text run at (84,20) width 76: "Flight 123 "
                  text run at (159,20) width 118: "Booking Code:Y "
                  text run at (276,20) width 222: "Date: Tuesday, March 25, 2003"
                RenderBR {BR} at (497,35) size 1x0
                RenderText {#text} at (1,39) size 387x19
                  text run at (1,39) width 387: "From: San Francisco Intl Arpt, San Francisco CA - U.S."
                RenderBR {BR} at (387,54) size 1x0
                RenderText {#text} at (1,58) size 368x19
                  text run at (1,58) width 27: "To: "
                  text run at (27,58) width 342: "San Francisco Intl Arpt, San Francisco CA - U.S."
                RenderBR {BR} at (368,73) size 1x0
                RenderText {#text} at (1,77) size 176x19
                  text run at (1,77) width 93: "Departs: n/a "
                  text run at (93,77) width 84: "Arrives: n/a"
                RenderBR {BR} at (176,92) size 1x0
                RenderText {#text} at (1,96) size 51x19
                  text run at (1,96) width 51: "Status:"
                RenderInline {SPACE} at (0,0) size 197x19
                  RenderText {#text} at (51,96) size 193x19
                    text run at (51,96) width 193: " requested, await response"
                  RenderInline {SPACE} at (0,0) size 5x19
                    RenderText {#text} at (243,96) size 5x19
                      text run at (243,96) width 5: " "
                    RenderBR {BR} at (247,111) size 1x0
      RenderBlock (anonymous) at (0,953) size 784x0
        RenderInline {SPAN} at (0,0) size 0x0
          RenderInline {SPAN} at (0,0) size 0x0
            RenderInline {SPAN} at (0,0) size 0x0
              RenderInline {SPAN} at (0,0) size 0x0
              RenderText {#text} at (0,0) size 0x0
      RenderBlock (anonymous) at (0,959) size 784x2
        RenderBlock {HR} at (0,0) size 784x2 [border: (1px inset #000000)]
      RenderBlock (anonymous) at (0,967) size 784x53
        RenderInline {SPAN} at (0,0) size 184x49
          RenderInline {SPAN} at (0,0) size 0x0
            RenderInline {SPAN} at (0,0) size 0x0
            RenderText {#text} at (0,0) size 0x0
          RenderText {#text} at (0,0) size 0x0
          RenderInline {SPAN} at (0,0) size 92x19
            RenderText {#text} at (0,0) size 0x0
            RenderImage {IMG} at (0,1) size 20x20
            RenderText {#text} at (20,0) size 72x19
              text run at (20,0) width 4: " "
              text run at (23,0) width 69: "Remarks:"
            RenderBR {BR} at (91,15) size 1x0
          RenderText {#text} at (0,0) size 0x0
          RenderBR {BR} at (0,21) size 0x15
          RenderInline {SPAN} at (0,0) size 184x15
            RenderText {#text} at (0,37) size 184x15
              text run at (0,37) width 110: "SERVICE FEE MCO "
              text run at (109,37) width 75: "8103220490"
            RenderBR {BR} at (183,49) size 1x0
          RenderText {#text} at (0,0) size 0x0
      RenderBlock (anonymous) at (0,1026) size 784x2
        RenderBlock {HR} at (0,0) size 784x2 [border: (1px inset #000000)]
      RenderBlock (anonymous) at (0,1034) size 784x21
        RenderInline {SPAN} at (0,0) size 170x15
          RenderInline {SPAN} at (0,0) size 170x19
            RenderText {#text} at (0,0) size 0x0
            RenderImage {IMG} at (0,1) size 59x20
            RenderText {#text} at (59,0) size 4x19
              text run at (59,0) width 4: " "
            RenderInline {B} at (0,0) size 104x19
              RenderText {#text} at (62,0) size 104x19
                text run at (62,0) width 104: "Web Bookings"
            RenderText {#text} at (165,0) size 5x19
              text run at (165,0) width 5: " "
            RenderInline {SPAN} at (0,0) size 1x19
              RenderBR {BR} at (169,15) size 1x0
              RenderInline {SPAN} at (0,0) size 0x0
            RenderText {#text} at (0,0) size 0x0
          RenderText {#text} at (0,0) size 0x0
      RenderBlock (anonymous) at (0,1061) size 784x2
        RenderBlock {HR} at (0,0) size 784x2 [border: (1px inset #000000)]
      RenderBlock (anonymous) at (0,1069) size 784x21
        RenderInline {SPAN} at (0,0) size 264x15
          RenderInline {SPAN} at (0,0) size 264x15
            RenderText {#text} at (0,0) size 0x0
            RenderInline {SPAN} at (0,0) size 264x19
              RenderText {#text} at (0,0) size 0x0
              RenderImage {IMG} at (0,1) size 20x20
              RenderText {#text} at (20,0) size 244x19
                text run at (20,0) width 4: " "
                text run at (23,0) width 241: "Remarks and Service Information"
              RenderBR {BR} at (263,15) size 1x0
            RenderText {#text} at (0,0) size 0x0
            RenderText {#text} at (0,0) size 0x0
      RenderBlock (anonymous) at (0,1096) size 784x31
        RenderBlock {HR} at (0,0) size 784x2 [border: (1px inset #000000)]
        RenderBlock {P} at (0,15) size 784x16
          RenderText {#text} at (0,0) size 204x15
            text run at (0,0) width 204: "This itinerary is subject to change. "
          RenderInline {A} at (0,0) size 163x15 [color=#0000EE]
            RenderText {#text} at (203,0) size 163x15
              text run at (203,0) width 163: "Click here for latest updates"
          RenderText {#text} at (0,0) size 0x0
      RenderBlock (anonymous) at (0,1140) size 784x0
        RenderInline {SPAN} at (0,0) size 0x0
          RenderInline {SPAN} at (0,0) size 0x0
          RenderText {#text} at (0,0) size 0x0
layer at (23,43) size 96x15
  RenderInline (relative positioned) {SPAN} at (0,0) size 96x15
    RenderText {#text} at (0,0) size 0x0
    RenderInline {SPAN} at (0,0) size 96x15
      RenderText {#text} at (0,0) size 0x0
      RenderImage {IMG} at (0,21) size 20x20
      RenderText {#text} at (20,29) size 4x15
        text run at (20,29) width 4: " "
      RenderInline {SPAN} at (0,0) size 73x15
        RenderText {#text} at (23,29) size 73x15
          text run at (23,29) width 73: "HAO, SCOTT"
        RenderBR {BR} at (95,41) size 1x0
        RenderText {#text} at (0,0) size 0x0
      RenderText {#text} at (0,0) size 0x0
    RenderText {#text} at (0,0) size 0x0
layer at (23,102) size 561x39
  RenderInline (relative positioned) {SPAN} at (0,0) size 561x39
    RenderText {#text} at (0,0) size 0x0
    RenderImage {IMG} at (0,22) size 20x20
    RenderText {#text} at (20,30) size 541x15
      text run at (20,30) width 4: " "
      text run at (23,30) width 55: "Address: "
      text run at (77,30) width 484: "ST. JUDE MEDICAL, 21700 OXNARD ST SUITE 800, WOODLAND HILLS CA Z/91367 "
    RenderBR {BR} at (560,42) size 1x0
    RenderImage {IMG} at (0,46) size 20x20
    RenderText {#text} at (20,54) size 384x15
      text run at (20,54) width 4: " "
      text run at (23,54) width 47: "Deliver: "
      text run at (69,54) width 94: "DEBI STANGEL, "
      text run at (162,54) width 110: "119 GLEN COURT, "
      text run at (271,54) width 133: "DANVILLE CA Z/94526"
layer at (23,186) size 20x15
  RenderInline (relative positioned) {SPAN} at (0,0) size 20x15
    RenderText {#text} at (0,0) size 0x0
    RenderImage {IMG} at (0,21) size 20x20
    RenderText {#text} at (0,0) size 0x0
layer at (28,212) size 524x62
  RenderTable {TABLE} at (0,0) size 524x62 [border: (1px outset #808080)]
    RenderTableSection {TBODY} at (1,1) size 522x60
      RenderTableRow {TR} at (0,2) size 522x23 [bgcolor=#E0E0E0]
        RenderTableCell {TD} at (2,2) size 95x23 [border: (1px inset #808080)] [r=0 c=0 rs=1 cs=1]
          RenderText {#text} at (2,2) size 36x19
            text run at (2,2) width 36: "Type"
        RenderTableCell {TD} at (99,2) size 44x23 [border: (1px inset #808080)] [r=0 c=1 rs=1 cs=1]
          RenderText {#text} at (2,2) size 28x19
            text run at (2,2) width 28: "City"
        RenderTableCell {TD} at (145,2) size 375x23 [border: (1px inset #808080)] [r=0 c=2 rs=1 cs=1]
          RenderText {#text} at (2,2) size 46x19
            text run at (2,2) width 46: "Phone"
      RenderTableRow {TR} at (0,27) size 522x0
      RenderTableRow {TR} at (0,29) size 522x23
        RenderTableCell {TD} at (2,29) size 95x23 [border: (1px inset #808080)] [r=2 c=0 rs=1 cs=1]
          RenderText {#text} at (2,2) size 91x19
            text run at (2,2) width 91: "Travel Agent"
        RenderTableCell {TD} at (99,29) size 44x23 [border: (1px inset #808080)] [r=2 c=1 rs=1 cs=1]
          RenderText {#text} at (2,2) size 40x19
            text run at (2,2) width 40: "(LAX)"
        RenderTableCell {TD} at (145,29) size 375x23 [border: (1px inset #808080)] [r=2 c=2 rs=1 cs=1]
          RenderText {#text} at (2,2) size 371x19
            text run at (2,2) width 371: "RQ0/818 990-4053-PLAZA TRAVEL - 05838276-RC"
      RenderTableRow {TR} at (0,54) size 522x0
      RenderTableRow {TR} at (0,56) size 522x0
      RenderTableRow {TR} at (0,58) size 522x0
